// Jest Snapshot v1, https://goo.gl/fbAQLP

exports[`Home page matches snapshot 1`] = `
<DocumentFragment>
  <div
    class="jsx-3892888070 container"
  >
    <main
      class="jsx-3892888070"
    >
      <h1
        class="jsx-3892888070 title"
      >
        Don't forget your shovel if you're going to go to work!
      </h1>
    </main>
  </div>
</DocumentFragment>
`;
